/home/vishwanath/Newproject/CarRentalSystem/src/main/java/com/crs/repository/VechicalRepository.java
/home/vishwanath/Newproject/CarRentalSystem/src/main/java/com/crs/service/VechicalService.java
/home/vishwanath/Newproject/CarRentalSystem/src/main/java/com/crs/dto/BookingDto.java
/home/vishwanath/Newproject/CarRentalSystem/src/main/java/com/crs/model/Vechical.java
/home/vishwanath/Newproject/CarRentalSystem/src/main/java/com/crs/CarRentalSystemApplication.java
/home/vishwanath/Newproject/CarRentalSystem/src/main/java/com/crs/dto/SignUpDto.java
/home/vishwanath/Newproject/CarRentalSystem/src/main/java/com/crs/repository/UserRepository.java
/home/vishwanath/Newproject/CarRentalSystem/src/main/java/com/crs/controller/LoginController.java
/home/vishwanath/Newproject/CarRentalSystem/src/main/java/com/crs/service/BookingService.java
/home/vishwanath/Newproject/CarRentalSystem/src/main/java/com/crs/dto/VehicalDto.java
/home/vishwanath/Newproject/CarRentalSystem/src/main/java/com/crs/service/PaymentService.java
/home/vishwanath/Newproject/CarRentalSystem/src/main/java/com/crs/controller/UserOperationController.java
/home/vishwanath/Newproject/CarRentalSystem/src/main/java/com/crs/repository/PaymentRepository.java
/home/vishwanath/Newproject/CarRentalSystem/src/main/java/com/crs/controller/PaymentController.java
/home/vishwanath/Newproject/CarRentalSystem/src/main/java/com/crs/model/Payment.java
/home/vishwanath/Newproject/CarRentalSystem/src/main/java/com/crs/dto/LoginDto.java
/home/vishwanath/Newproject/CarRentalSystem/src/main/java/com/crs/model/UserDtls.java
/home/vishwanath/Newproject/CarRentalSystem/src/main/java/com/crs/service/UserService.java
/home/vishwanath/Newproject/CarRentalSystem/src/main/java/com/crs/controller/BookingController.java
/home/vishwanath/Newproject/CarRentalSystem/src/main/java/com/crs/repository/BookingRepository.java
/home/vishwanath/Newproject/CarRentalSystem/src/main/java/com/crs/controller/VechicalController.java
/home/vishwanath/Newproject/CarRentalSystem/src/main/java/com/crs/dto/PaymentDto.java
/home/vishwanath/Newproject/CarRentalSystem/src/main/java/com/crs/model/Booking.java
